// Jest Snapshot v1, https://goo.gl/fbAQLP

exports[`Renders the sidebar component should render sidebar of dashboard page 1`] = `
<div
  id="left-section"
>
  <ul
    className="nav-tabs hide-sidebar "
    role="tablist"
  >
    <li>
      <div
        className="nav-item-row"
      >
        <div
          className="icon"
        >
          <img
            className="add-entry"
            data-target="add-new-entry"
            src="/images/icons/diary_add_white.png"
          />
        </div>
        <div
          className="text"
        >
          <h3
            className="add-entry"
            data-target="add-new-entry"
          >
            New Entry
          </h3>
        </div>
      </div>
    </li>
    <li>
      <div
        className="nav-item-row nav-it active dairy"
        data-target="diary"
      >
        <img
          className="icon"
          data-target="diary"
          src="/images/icons/diary_icon_list_white.png"
        />
        <h3
          className="text"
          data-target="diary"
          role="tab"
        >
          My Diary
        </h3>
      </div>
    </li>
    <li>
      <div
        className="nav-item-row undefined nav-it settings"
        data-target="settings"
      >
        <img
          className="icon"
          data-target="settings"
          src="/images/icons/settings_icon.png"
        />
        <h3
          className="text"
          data-target="settings"
          role="tab"
        >
          Settings
        </h3>
      </div>
    </li>
    <li>
      <div
        className="nav-item-row nav-it get-profile undefined"
        data-target="profile"
      >
        <img
          className="icon"
          data-target="profile"
          src="/images/icons/profile_icon_white.png"
        />
        <h3
          className="text"
          data-target="profile"
          role="tab"
        >
          Profile
        </h3>
      </div>
    </li>
    <div
      className="nav-item-row nav-it"
      id="logout"
    >
      <div
        className="icon"
      >
        <img
          src="/images/icons/logout.png"
        />
      </div>
      <div>
        <Link
          replace={false}
          to="/logout"
        >
          Log out
        </Link>
      </div>
    </div>
  </ul>
</div>
`;
